%NCaveHouse.MAP%
%RCave.MAP%
%B0%
......................................................................................................................................................................................................................
......................................................................................................................................................................................................................
......................................................................................................................................................................................................................
.................................................##################...................................................................................................................................................
.............................................####..................###############.........####.......................................................................................................................
.........................................####.....................................#########....###....................................................................................................................
......................................###........................................................########......................................###########............................................................
...............................#######...................................................................########.....................#########...........########....................................................
.......................########..................................................................................##########......#####............................###.................................................
................#######....................................................................................................######....................................###########......................................
..............##..........................................................................................................................................................############................................
.........#####..................................................................................................................................................................###...##..............................
........##..............................................................................................................................................................................####..........................
......##....................................................................................................................................................................................##........................
......##......................................................................................................................................................................................##......................
.....##.........................................................................................................................................................................................###...................
....##............................................................................................................................................................................................##..................
....##..............................................................................................................................................................................................#.................
.....##..............................................................................................................................................................................................###........#.....
....##...................................................................................................................................................................................................#######.##.##
.....##..........................................................................................................................................................................................................####.
....##...........................................................................................................................................................................................................#####
....##...........................................................................................................................................................................................................#####
...##...............................................................................................................................................................................................................##
....##..............................................................................................................................................................................................................##
...##...............................................................................................................................................................................................................##
...##..............................................................................................................................................................................................................###
...###.............................................................................................................................................................................................................###
....##..............................tttttttttttttttt...............................................................................................................................................................###
...##.............................ttttttttttttttttt.t............................................................................................................................................................#####
....##...........................ttttttttttttttttt...t............................................................................................................................................................####
...###.........................tttttttttttttttttt.....t...........................................................................................................................................................####
....##........................tttttttttttttttttt######tt.........................................................................................................................................................#####
....##..........................####..######..########................................................................................................................................................................
......##........................####..######..####tt##................................................................................................................................................................
.......#####....................##################tt##................................................................................................................................................................
............##..................##################tt##.............................................................................................................................................###################
..............##########.############################################################................................................................................................................#################
................####################################################################...................................................................................................................###############
.............................#####.......###############....#####...........t....t.......................................................................................................................#############
...............................................................##~~~~~~~~~~~~~~~~~~~~~~~~~~#~~~~~~~~~~~~~~~~~~~~~~~~~~~~~~~~~~~~~~~~~~~~~~~~~~~~~~~~~~~~~~~~~~~~~~~~~~~~~~~~~~~~~~~~~~~~~~~~~~~~~~~~~~~~~#############
...............................................................###~~~~~~~~~~~~~~~~~~~~~~~~~##~~~~~~~~~~~~~~~~~~~~~~~~~~~~~~~~~~~~~~~~~~~~~~~~~~~~~~~~~~~~~~~~~~~~~~~~~~~~~~~~~~~~~~~~~~~~~~~~~~~~~#######.............
................................................................###~~~~~~~~~~~~~~~~~~~~~~~####~~~~~~~~~~~~~~~~~~~~~~~~~~~~~~~~~~~~~~~~~~~~~~~~~~~~~~~~~~~~~~~~~~~~~~~~~~~~~~~~~~~~~~~~~~~~~~~#######..................
.................................................................#######~~~~#####~~~~~~~~######~~~~~~~~~~~~~~~~~~~~~~~~~~~~~~~~~~~~~~~~~~~~~########~~~~~~~~~~~~~#############~~~~~~~~~#######........................
.....................................................................###################################~~~~~~~~~~##########~~~~~~~######################~~~############################..............................
........................................................................................................##########.........#########....................#####.........................................................