%NCave.MAP%
%LCaveHouse.MAP%
%RPond.MAP%
%B0%
.......................................................................................................................................
.......................................................................................................................................
.......................................................................................................................................
.......................................................................................................................................
.......................................................................................................................................
.................................................................................####..................................................
......................................................########.........##########....##................................................
...........................................###...#####........#########................###.............................................
....................................#######...###.........................................####.........................................
..................................##..........................................................###......................................
.............................#####...............................................................#######...............................
.............######...#######..........................................................................#########.......................
............#......###..........................................................................................####...................
..........###.......................................................................................................#..................
.........##..........................................................................................................#..##.......#.....
........#.............................................................................................................##..#######.##.##
......##..........................................................................................................................####.
....##............................................................................................................................#####
....##............................................................................................................................#####
....##...............................................................................................................................##
....##...............................................................................................................................##
....##...............................................................................................................................##
....##..............................................................................................................................###
....##..............................................................................................................................###
....##.................................................................................................................................
....##.................................................................................................................................
....####...............................................................................................................................
.#######...............................................................................................................................
######.................................................................................................................................
.......................................................................................................................................
.......................................................................................................................................
.......................................................................................................................................
####...................................................................................................................................
...###.........................................................................................................................########
....###...........................####...............................................................................##################
....#####...................##############....................................................................#########################
......####~~~~~~~~~~~~######...........#######........................................................########.........................
........####~~~~~~~###........................######.............................................#####.................................
............#######.................................#########~~~~~~~~#############~~~~~~~~~~#####......................................
.............................................................########.............##########...........................................
.......................................................................................................................................
.......................................................................................................................................