%NGrotto.MAP%
%UPond.MAP%
%B0%
##########################################################################################################...#####################################################################
....####......#####........##############################################################################....##.####.................#######......................................
...........................#.................##..................##...............#..........##..............##...................................................................
...........................#.................................................................................##...................................................................
...........................#.......##########..###################..#############..##########..###########...##...................................................................
...........................#.......#######################################################################...##...................................................................
...........................##......##...................................................................##...##...................................................................
...........................#.......##...................................................................##...##...................................................................
...........................#.......##...................................................................##...##...................................................................
...........................#.......##...................................................................##...##...................................................................
...........................#.......##...................................................................##...##...................................................................
...........................#.......##...................................................................##...##...................................................................
...........................#.......##...................................................................##...##...................................................................
...........................###.....##...................................................................##...##...................................................................
...........................##......##...................................................................##...##...................................................................
...........................##......##...................................................................##...##...................................................................
...........................##......##...................................................................##...##...................................................................
...........................##......##...................................................................##...##...................................................................
...........................##......##...................................................................##...##...................................................................
...........................##......##...................................................................##...##...................................................................
...........................##......##...................................................................##...##...................................................................
...........................##......##...................................................................##...##...................................................................
...........................#.......##...................................................................##...##...................................................................
...........................###.....##...................................................................##...##...................................................................
...........................#.......##...................................................................##...##...................................................................
...........................#.......##...................................................................##...##...................................................................
...........................#.......##...................................................................##...##...................................................................
...........................#.......##...................................................................##...##...................................................................
...........................#.......##...................................................................##...##...................................................................
...........................#.......##...................................................................##...##...................................................................
...........................#.......##...................................................................##...##...................................................................
...........................#.......##...................................................................##...##...................................................................
...........................###.....##...................................................................##...##...................................................................
...........................#.......##...................................................................##...##...................................................................
...........................#.......##...................................................................##...##...................................................................
...........................#.......##...................................................................##...##...................................................................
...........................#.......##...................................................................##...##...................................................................
...........................#.......##...................................................................##...##...................................................................
...........................#.......##...................................................................##...##...................................................................
...........................#.......##...................................................................##...##...................................................................
...........................#.......##...................................................................##...##...................................................................
...........................#.......###..................................................................##...##...................................................................
........................######.......##.................................................................##...##...................................................................
...................########..........##.................................................................##...##...................................................................
........#############................##.................................................................##...##...................................................................
........##....................########..................................................................##...##...................................................................
........##..............########........................................................................##...##...................................................................
........##......##########..............................................................................##...##...................................................................
........##......#.......................................................................................##...##...................................................................
........##......#.......................................................................................##...##...................................................................
........##......#.......................................................................................##...##...................................................................
........##......#######.................................................................................##...##...................................................................
........##...........##.................................................................................##...##...................................................................
........##............#.................................................................................##...##...................................................................
........#########.....###...............................................................................##...##...................................................................
................#.......####################............................................................##...##...................................................................
................#........................#######........................................................##...##...................................................................
................######.......................#####......................................................##...##...................................................................
...................##################...........####...................................................###...####.................................................................
..................................######...........#######.......................................######.........##................................................................
....................................#######.............##########......................############.............###########......................................................
.........................................######.................####.................#####.................................#############..........................................
..............................................#######.............###################..................................................#######....................................
..................................................##########...............###..............................................................########..............................
........................................................######...................................................................................####.............................
...........................................................#############...........................................................................##.............................
.......................................................................###.........................................................................###............................
.......................................................................###..........................................................................##............................
........................................................................###.........................................................................##............................
.........................................................................##~~~~~~~~~~~~~~~~~~~~~~~~~~~~~~~~~~~~~~~~~~~~~~~~~~~~~~~~~~~~~~~~~~~~~~~~~##............................
........................................................................###~~~~~~~~~~~~~~~~~~~~~~~~~~~~~~~~~~~~~~~~~~~~~~~~~~~~~~~~~~~~~~~~~~~~~~~~~###...........................
.........................................................................###~~~~~~~~~~~~~~~~~~~~~~~~~~~~~~~~~~~~~~~~~~~~~~~~~~~~~~~~~~~~~~~~~~~~~~~###............................
........................................................................#####~~~~~~~~~~~~~~~~~~~~~~~~~~~~~~~~~~~~~~~~~~~~~~~~~~~~~~~~~~~~~~~~~~~~~####............................
............................................................................##~~~~~~~~~~~~~~~~~~~~~~~~~~~~~~~~~~~~~~~~~~~~~~~~~~~~~~~~~~~~~~~~~~~~####............................
............................................................................#####~~~~~~~~~~~~~~~~~~~~~~~~~~~~~~~~~~~~~~~~~~~~~~~~~~~~~~~~~~~~~~######.............................
...............................................................................#####~~~~~~~~~~~~~~~~~~~~~~~~~~~~~~~~~~~~~~~~~~~~~~~~~~~~~~#######.................................
..................................................................................##########~~~~~~~~~~~~~~~~~~~~~~~~~~~~~~~~##################....................................
..........................................................................................########~~~~~~~~~~~~~~~~~~~~~~~~#################.......................................
................................................................................................##############################....................................................
..................................................................................................##########################......................................................
..................................................................................................................................................................................