%NHouse.MAP%
%LPond.MAP%
%B128%
.......................................................................................................................................
.......................................................................................................................................
.......................................................................................................................................
.......................................................................................................................................
.......................................................................................................................................
.......................................................................................................................................
.......................................................................................................................................
.......................................................................................................................................
.......................................................................................................................................
.......................................................................................................................................
.......................................................................................................................................
.......................................................................................................................................
.......................................................................................................................................
.......................................................................................................................................
.......................................................................................................................................
.......................................................................................................................................
.......................................................................................................................................
.......................................................................................................................................
................................#####..................................................................................................
...............................#######.................................................................................................
..............................##ttttt##................................................................................................
.............................##ttttttt##...............................................................................................
..................############ttttttttt############....................................................................................
.................############ttttttttttt############...................................................................................
................##ttttttttttttttttttttttttttttttttt##..................................................................................
...............##ttttttttttttttttttttttttttttttttttt##.................................................................................
..............##ttttttttttttttttttttttttttttttttttttt##................................................................................
.............##ttttttttttttttttttttttttttttttttttttttt##...............................................................................
............##ttttttttttttttttttttttttttttttttttttttttt##..............................................................................
...........##ttttttttttttttttttttttttttttttttttttttttttt##.............................................................................
#############tttttttttttttttttttttttttttttttttttttttttttt###...........................................................................
###tttttttttttttttttttttttttttttttttttttttttttttttttttttt###...........................................................................
###tttttttttttttttttttttttttttttttttttttttttttttttttttttt###...........................................................................
###tttttttttttttttttttttttttttttttttttttttttttttttttttttt###...........................................................................
###tttttttttttttttttttttttttttttttttttttttttttttttttttttt###...........................................................................
###tttttttttttttttttttttttttttttttttttttttttttttttttttttt###...........................................................................
ttttttttttttttttttttttttttttttttttttttttttttttttttttttttt###...........................................................................
ttttttttttttttttttttttttttttttttttttttttttttttttttttttttt###...........................................................................
ttttttttttttttttttttttttttttttttttttttttttttttttttttttttt###...........................................................................
############################################################...........................................................................
############################################################...........................................................................
############################################################...........................................................................